---
source: crates/core/tests/lexer_fixed_format.rs
expression: render(src)
---
  1:8  LevelNumber(1)       "01"
  1:11 Identifier           "FOO"
  1:14 Period               "."
  2:8  LevelNumber(5)       "05"
  2:11 Identifier           "BAR"
  2:14 Period               "."
  3:1  Eof                  ""
