---
source: crates/core/tests/lexer_fixed_format.rs
assertion_line: 151
expression: render(src)
---
  1:8  LevelNumber(5)       "05"
  1:11 Identifier           "A"
  1:13 Keyword(Value)       "VALUE"
  1:19 StringLiteral        "\"HELLOWORLD\""
  2:19 Period               "."
  3:1  Eof                  ""
